{
    "Should run without failures - stub": {
        "content": [
            {
                "0": [
                    [
                        {
                            "id": "L10_chromHMM_promoters"
                        },
                        "L10_chromHMM_promoters_sorted.gff:md5,d41d8cd98f00b204e9800998ecf8427e"
                    ]
                ],
                "1": [
                    [
                        {
                            "id": "L10_chromHMM_promoters"
                        },
                        "L10_chromHMM_promoters.tsv:md5,d41d8cd98f00b204e9800998ecf8427e"
                    ]
                ],
                "2": [
                    [
                        {
                            "id": "L10_chromHMM_promoters"
                        },
                        "L10_chromHMM_promoters_significant.tsv:md5,d41d8cd98f00b204e9800998ecf8427e"
                    ]
                ],
                "3": [
                    "versions.yml:md5,09deaa382cdc983ffad29500b0c47210",
                    "versions.yml:md5,270cc8fd3cf5da52f09e2bcfb66844d1",
                    "versions.yml:md5,37d1f45c834fbc3c356023cdfed0918a",
                    "versions.yml:md5,612da238fbeb03191d349ddc72093946",
                    "versions.yml:md5,612da238fbeb03191d349ddc72093946",
                    "versions.yml:md5,612da238fbeb03191d349ddc72093946",
                    "versions.yml:md5,c1dfd15a1f2163efd0fc318809c8a071",
                    "versions.yml:md5,d9cf2bc9a6b5f0916586f0b5184b580f",
                    "versions.yml:md5,def0f65b2a7925e2541586ea7ad06118",
                    "versions.yml:md5,e50e1883b0220a195e1c520411dcbc63"
                ],
                "gff": [
                    [
                        {
                            "id": "L10_chromHMM_promoters"
                        },
                        "L10_chromHMM_promoters_sorted.gff:md5,d41d8cd98f00b204e9800998ecf8427e"
                    ]
                ],
                "tsv": [
                    [
                        {
                            "id": "L10_chromHMM_promoters"
                        },
                        "L10_chromHMM_promoters.tsv:md5,d41d8cd98f00b204e9800998ecf8427e"
                    ]
                ],
                "tsv_significant": [
                    [
                        {
                            "id": "L10_chromHMM_promoters"
                        },
                        "L10_chromHMM_promoters_significant.tsv:md5,d41d8cd98f00b204e9800998ecf8427e"
                    ]
                ],
                "versions": [
                    "versions.yml:md5,09deaa382cdc983ffad29500b0c47210",
                    "versions.yml:md5,270cc8fd3cf5da52f09e2bcfb66844d1",
                    "versions.yml:md5,37d1f45c834fbc3c356023cdfed0918a",
                    "versions.yml:md5,612da238fbeb03191d349ddc72093946",
                    "versions.yml:md5,612da238fbeb03191d349ddc72093946",
                    "versions.yml:md5,612da238fbeb03191d349ddc72093946",
                    "versions.yml:md5,c1dfd15a1f2163efd0fc318809c8a071",
                    "versions.yml:md5,d9cf2bc9a6b5f0916586f0b5184b580f",
                    "versions.yml:md5,def0f65b2a7925e2541586ea7ad06118",
                    "versions.yml:md5,e50e1883b0220a195e1c520411dcbc63"
                ]
            }
        ],
        "timestamp": "2026-03-29T15:40:07.332429474",
        "meta": {
            "nf-test": "0.9.4",
            "nextflow": "25.10.2"
        }
    },
    "Should run without failures": {
        "content": [
            {
                "0": [
                    [
                        {
                            "id": "L10_chromHMM_promoters"
                        },
                        "L10_chromHMM_promoters_sorted.gff:md5,c5ae260e0c4a3fb9fea09a7d00d309e7"
                    ]
                ],
                "1": [
                    [
                        {
                            "id": "L10_chromHMM_promoters"
                        },
                        "L10_chromHMM_promoters.tsv:md5,903892dbd88b1cf1fe69f6e85ede5974"
                    ]
                ],
                "2": [
                    [
                        {
                            "id": "L10_chromHMM_promoters"
                        },
                        "L10_chromHMM_promoters_significant.tsv:md5,6ec71314deae3fb80be236a018899406"
                    ]
                ],
                "3": [
                    "versions.yml:md5,270cc8fd3cf5da52f09e2bcfb66844d1",
                    "versions.yml:md5,37d1f45c834fbc3c356023cdfed0918a",
                    "versions.yml:md5,612da238fbeb03191d349ddc72093946",
                    "versions.yml:md5,612da238fbeb03191d349ddc72093946",
                    "versions.yml:md5,91d4e73ea846dae7e805279e47204dc7",
                    "versions.yml:md5,c1dfd15a1f2163efd0fc318809c8a071",
                    "versions.yml:md5,d9cf2bc9a6b5f0916586f0b5184b580f",
                    "versions.yml:md5,def0f65b2a7925e2541586ea7ad06118",
                    "versions.yml:md5,e50e1883b0220a195e1c520411dcbc63"
                ],
                "gff": [
                    [
                        {
                            "id": "L10_chromHMM_promoters"
                        },
                        "L10_chromHMM_promoters_sorted.gff:md5,c5ae260e0c4a3fb9fea09a7d00d309e7"
                    ]
                ],
                "tsv": [
                    [
                        {
                            "id": "L10_chromHMM_promoters"
                        },
                        "L10_chromHMM_promoters.tsv:md5,903892dbd88b1cf1fe69f6e85ede5974"
                    ]
                ],
                "tsv_significant": [
                    [
                        {
                            "id": "L10_chromHMM_promoters"
                        },
                        "L10_chromHMM_promoters_significant.tsv:md5,6ec71314deae3fb80be236a018899406"
                    ]
                ],
                "versions": [
                    "versions.yml:md5,270cc8fd3cf5da52f09e2bcfb66844d1",
                    "versions.yml:md5,37d1f45c834fbc3c356023cdfed0918a",
                    "versions.yml:md5,612da238fbeb03191d349ddc72093946",
                    "versions.yml:md5,612da238fbeb03191d349ddc72093946",
                    "versions.yml:md5,91d4e73ea846dae7e805279e47204dc7",
                    "versions.yml:md5,c1dfd15a1f2163efd0fc318809c8a071",
                    "versions.yml:md5,d9cf2bc9a6b5f0916586f0b5184b580f",
                    "versions.yml:md5,def0f65b2a7925e2541586ea7ad06118",
                    "versions.yml:md5,e50e1883b0220a195e1c520411dcbc63"
                ]
            }
        ],
        "timestamp": "2025-11-13T18:35:49.650684716",
        "meta": {
            "nf-test": "0.9.2",
            "nextflow": "25.10.0"
        }
    }
}