{
    "Should run without failures - stub": {
        "content": [
            {
                "0": [
                    [
                        {
                            "id": "test"
                        },
                        "test.filtered.RDS:md5,d41d8cd98f00b204e9800998ecf8427e"
                    ]
                ],
                "1": [
                    "versions.yml:md5,d41d8cd98f00b204e9800998ecf8427e"
                ],
                "filtered": [
                    [
                        {
                            "id": "test"
                        },
                        "test.filtered.RDS:md5,d41d8cd98f00b204e9800998ecf8427e"
                    ]
                ],
                "versions": [
                    "versions.yml:md5,d41d8cd98f00b204e9800998ecf8427e"
                ]
            }
        ],
        "meta": {
            "nf-test": "0.9.2",
            "nextflow": "25.04.3"
        },
        "timestamp": "2025-06-11T15:16:00.419094034"
    },
    "Should run without failures": {
        "content": [
            {
                "0": [
                    [
                        {
                            "id": "test"
                        },
                        "test.filtered.RDS:md5,6530d2b9b8391552dede84e09688a902"
                    ]
                ],
                "1": [
                    "versions.yml:md5,8e03693bdd1e388d2c603f85898260d9"
                ],
                "filtered": [
                    [
                        {
                            "id": "test"
                        },
                        "test.filtered.RDS:md5,6530d2b9b8391552dede84e09688a902"
                    ]
                ],
                "versions": [
                    "versions.yml:md5,8e03693bdd1e388d2c603f85898260d9"
                ]
            }
        ],
        "meta": {
            "nf-test": "0.9.2",
            "nextflow": "25.04.3"
        },
        "timestamp": "2025-06-11T15:15:52.782966366"
    }
}