{
    "Should run without failures - stub": {
        "content": [
            {
                "0": [
                    "motifs.jaspar:md5,d41d8cd98f00b204e9800998ecf8427e"
                ],
                "1": [
                    "versions.yml:md5,777d73159ed13fde52215af64b1a2711"
                ],
                "motifs": [
                    "motifs.jaspar:md5,d41d8cd98f00b204e9800998ecf8427e"
                ],
                "versions": [
                    "versions.yml:md5,777d73159ed13fde52215af64b1a2711"
                ]
            }
        ],
        "meta": {
            "nf-test": "0.9.2",
            "nextflow": "25.04.2"
        },
        "timestamp": "2025-06-12T13:22:12.824689876"
    },
    "Should run without failures": {
        "content": [
            {
                "0": [
                    "motifs.jaspar:md5,be730b5d46f18c61c07a6ce2bc0e3d9e"
                ],
                "1": [
                    "versions.yml:md5,98eef46ae714ee6d45866bd0f5ad5364"
                ],
                "motifs": [
                    "motifs.jaspar:md5,be730b5d46f18c61c07a6ce2bc0e3d9e"
                ],
                "versions": [
                    "versions.yml:md5,98eef46ae714ee6d45866bd0f5ad5364"
                ]
            }
        ],
        "meta": {
            "nf-test": "0.9.2",
            "nextflow": "25.04.3"
        },
        "timestamp": "2025-06-11T14:50:41.50290434"
    }
}