{
    "Should run with bed only": {
        "content": [
            40,
            {
                "BEDTOOLS_MERGE": {
                    "bedtools": "2.31.1"
                },
                "CLEAN_BED": {
                    "gawk": "5.3.0"
                },
                "CONSTRUCT_TSS": {
                    "bedtools": "2.31.1"
                },
                "CONVERT_TO_UNIVERSAL": {
                    "r-base": "4.3.2",
                    "bioconductor-universalmotif": "1.20.0"
                },
                "EXTRACT_SEQUENCE": {
                    "bedtools": "2.31.1"
                },
                "FETCH_JASPAR": {
                    "python": "3.11.5",
                    "pyjaspar": "3.0.0"
                },
                "FILTER_CONVERT_GTF": {
                    "gawk": "5.3.0"
                },
                "INVERT_TSS": {
                    "bedtools": "2.31.1"
                },
                "PREPARE_DESIGN": {
                    "pandas": "2.3.0",
                    "python": "3.13.3"
                },
                "SORT_BED": {
                    "coreutils": 9.1
                },
                "SORT_CHROM_SIZES": {
                    "coreutils": 9.1
                },
                "SORT_PEAKS": {
                    "bedtools": "2.31.1"
                },
                "UNTAR": {
                    "untar": 1.34
                },
                "Workflow": {
                    "nf-core/tfactivity": "v0.0.1dev"
                }
            },
            [
                "00_prepare_genome",
                "00_prepare_genome/01_fasta",
                "00_prepare_genome/01_fasta/chr1.fa",
                "00_prepare_genome/02_gtf",
                "00_prepare_genome/02_gtf/chr1.gtf",
                "00_prepare_genome/03_id_symbol_map",
                "00_prepare_genome/03_id_symbol_map/gtf.anno.tsv",
                "00_prepare_genome/04_gtftools_length",
                "00_prepare_genome/04_gtftools_length/gtf.txt",
                "00_prepare_genome/05_samtools_faidx",
                "00_prepare_genome/05_samtools_faidx/chr1.fa.fai",
                "01_counts",
                "01_counts/05_deseq2",
                "01_counts/05_deseq2/design.design.csv",
                "02_motifs",
                "02_motifs/01_jaspar",
                "02_motifs/01_jaspar/motifs.jaspar",
                "02_motifs/02_universal",
                "02_motifs/02_universal/motifs.converted.universal",
                "03_peaks",
                "03_peaks/01_cleaned",
                "03_peaks/01_cleaned/L10_H3K27ac_R2.clean.bed",
                "03_peaks/01_cleaned/L1_H3K27ac_R1.clean.bed",
                "03_peaks/01_cleaned/L1_H3K27ac_R3.clean.bed",
                "03_peaks/01_cleaned/L1_H3K4me3_R2.clean.bed",
                "03_peaks/01_cleaned/p6_H3K27ac_R2.clean.bed",
                "03_peaks/01_cleaned/p6_H3K4me3_R1.clean.bed",
                "03_peaks/02_footprinting",
                "03_peaks/02_footprinting/01_merged",
                "03_peaks/02_footprinting/01_merged/L10_H3K27ac_R2.merged.bed",
                "03_peaks/02_footprinting/01_merged/L1_H3K27ac_R1.merged.bed",
                "03_peaks/02_footprinting/01_merged/L1_H3K27ac_R3.merged.bed",
                "03_peaks/02_footprinting/01_merged/L1_H3K4me3_R2.merged.bed",
                "03_peaks/02_footprinting/01_merged/p6_H3K27ac_R2.merged.bed",
                "03_peaks/02_footprinting/01_merged/p6_H3K4me3_R1.merged.bed",
                "03_peaks/03_sorted",
                "03_peaks/03_sorted/L10_H3K27ac_R2.bed",
                "03_peaks/03_sorted/L1_H3K27ac_R1.bed",
                "03_peaks/03_sorted/L1_H3K27ac_R3.bed",
                "03_peaks/03_sorted/L1_H3K4me3_R2.bed",
                "03_peaks/03_sorted/p6_H3K27ac_R2.bed",
                "03_peaks/03_sorted/p6_H3K4me3_R1.bed",
                "03_peaks/05_rose",
                "03_peaks/05_rose/01_filtered",
                "03_peaks/05_rose/01_filtered/gtf.bed",
                "03_peaks/05_rose/02_sorted",
                "03_peaks/05_rose/02_sorted/gtf_sorted.bed",
                "03_peaks/05_rose/03_sorted",
                "03_peaks/05_rose/03_sorted/fasta_sorted.fa.fai",
                "03_peaks/05_rose/04_tss",
                "03_peaks/05_rose/04_tss/tss.bed",
                "03_peaks/05_rose/05_inverted",
                "03_peaks/05_rose/05_inverted/gtf.bed",
                "06_fimo",
                "06_fimo/02_extracted_sequence",
                "06_fimo/02_extracted_sequence/L10_H3K27ac_R2.fa",
                "06_fimo/02_extracted_sequence/L1_H3K27ac_R1.fa",
                "06_fimo/02_extracted_sequence/L1_H3K27ac_R3.fa",
                "06_fimo/02_extracted_sequence/L1_H3K4me3_R2.fa",
                "06_fimo/02_extracted_sequence/p6_H3K27ac_R2.fa",
                "06_fimo/02_extracted_sequence/p6_H3K4me3_R1.fa",
                "pipeline_info",
                "pipeline_info/nf_core_tfactivity_software_versions.yml"
            ],
            [
                "chr1.fa:md5,465c1dfdf60714d61e3e80b9efa0bffe",
                "chr1.gtf:md5,1b6199ee21f4230c6af0070794c36720",
                "gtf.anno.tsv:md5,1ee5d04d5f4b3f0e9eaaa73669175d3f",
                "gtf.txt:md5,12fb9901135625428517060971858b3b",
                "chr1.fa.fai:md5,824f350c902b18dc18222eea23bd4be1",
                "design.design.csv:md5,f9e8888be7534f0aef7fc822ffd6b3a5",
                "motifs.jaspar:md5,44c90d892ee3c7c80a20d3e892560696",
                "motifs.converted.universal:md5,bb241beb558e6a88dbc1ead2dfe2302a",
                "L10_H3K27ac_R2.clean.bed:md5,bbe9c86bd5ae3070e834124ceb389085",
                "L1_H3K27ac_R1.clean.bed:md5,c65c0da0158dbaf2d413a30c6a33f9f6",
                "L1_H3K27ac_R3.clean.bed:md5,a90976d265c7bfa7bf1f0240a13f1594",
                "L1_H3K4me3_R2.clean.bed:md5,7bc89b6e361f481d1a49ba7b4a2ff945",
                "p6_H3K27ac_R2.clean.bed:md5,554f7896ac092a5cf5d9bcdedc249e00",
                "p6_H3K4me3_R1.clean.bed:md5,73429fff51b8a368abb38cbeaab9d978",
                "L10_H3K27ac_R2.merged.bed:md5,b2b7c97996d07f5fa6e26d34aed42921",
                "L1_H3K27ac_R1.merged.bed:md5,cb5b653dfb2d0e72a04d3e5750118f4d",
                "L1_H3K27ac_R3.merged.bed:md5,e4275c0fcc27677674ea7c10c4b94285",
                "L1_H3K4me3_R2.merged.bed:md5,f4fa5eeff7e6eb4a3576e1a042a90b8a",
                "p6_H3K27ac_R2.merged.bed:md5,ade4c5c7cb18b46e3e83afdcc3848aca",
                "p6_H3K4me3_R1.merged.bed:md5,3ef06abb0248f151518a0cda3944ac7e",
                "L10_H3K27ac_R2.bed:md5,b2b7c97996d07f5fa6e26d34aed42921",
                "L1_H3K27ac_R1.bed:md5,cb5b653dfb2d0e72a04d3e5750118f4d",
                "L1_H3K27ac_R3.bed:md5,e4275c0fcc27677674ea7c10c4b94285",
                "L1_H3K4me3_R2.bed:md5,f4fa5eeff7e6eb4a3576e1a042a90b8a",
                "p6_H3K27ac_R2.bed:md5,ade4c5c7cb18b46e3e83afdcc3848aca",
                "p6_H3K4me3_R1.bed:md5,3ef06abb0248f151518a0cda3944ac7e",
                "gtf.bed:md5,ac15ec1bac0525fcb82acb02be625c98",
                "gtf_sorted.bed:md5,93deb0c1451502a7aefe73ff5c4d0ecd",
                "fasta_sorted.fa.fai:md5,824f350c902b18dc18222eea23bd4be1",
                "tss.bed:md5,1f22adb20a68919feb6df206b28a84c3",
                "gtf.bed:md5,2e76f0b07e4baac321d3a2c4f1090e68",
                "L10_H3K27ac_R2.fa:md5,cda20f1da2e8ae0525f50d9be202d06c",
                "L1_H3K27ac_R1.fa:md5,8286d59e73cb95339aa84930eac4704f",
                "L1_H3K27ac_R3.fa:md5,c5ec2127efea317e17d50536365c3cb1",
                "L1_H3K4me3_R2.fa:md5,fd839f587d8f31b7b57f9841a2b0867a",
                "p6_H3K27ac_R2.fa:md5,52e80b5e2f4b00926246d108717c487a",
                "p6_H3K4me3_R1.fa:md5,c69720a6833ba90ba3d728dca07cea08"
            ]
        ],
        "meta": {
            "nf-test": "0.9.2",
            "nextflow": "25.04.3"
        },
        "timestamp": "2025-07-11T21:34:08.074672726"
    },
    "Should run with both bed and bam input": {
        "content": [
            40,
            {
                "BEDTOOLS_MERGE": {
                    "bedtools": "2.31.1"
                },
                "CLEAN_BED": {
                    "gawk": "5.3.0"
                },
                "CONSTRUCT_TSS": {
                    "bedtools": "2.31.1"
                },
                "CONVERT_TO_UNIVERSAL": {
                    "r-base": "4.3.2",
                    "bioconductor-universalmotif": "1.20.0"
                },
                "EXTRACT_SEQUENCE": {
                    "bedtools": "2.31.1"
                },
                "FETCH_JASPAR": {
                    "python": "3.11.5",
                    "pyjaspar": "3.0.0"
                },
                "FILTER_CONVERT_GTF": {
                    "gawk": "5.3.0"
                },
                "INVERT_TSS": {
                    "bedtools": "2.31.1"
                },
                "PREPARE_DESIGN": {
                    "pandas": "2.3.0",
                    "python": "3.13.3"
                },
                "SORT_BED": {
                    "coreutils": 9.1
                },
                "SORT_CHROM_SIZES": {
                    "coreutils": 9.1
                },
                "SORT_PEAKS": {
                    "bedtools": "2.31.1"
                },
                "UNTAR": {
                    "untar": 1.34
                },
                "Workflow": {
                    "nf-core/tfactivity": "v0.0.1dev"
                }
            },
            [
                "00_prepare_genome",
                "00_prepare_genome/01_fasta",
                "00_prepare_genome/01_fasta/chr1.fa",
                "00_prepare_genome/02_gtf",
                "00_prepare_genome/02_gtf/chr1.gtf",
                "00_prepare_genome/03_id_symbol_map",
                "00_prepare_genome/03_id_symbol_map/gtf.anno.tsv",
                "00_prepare_genome/04_gtftools_length",
                "00_prepare_genome/04_gtftools_length/gtf.txt",
                "00_prepare_genome/05_samtools_faidx",
                "00_prepare_genome/05_samtools_faidx/chr1.fa.fai",
                "01_counts",
                "01_counts/05_deseq2",
                "01_counts/05_deseq2/design.design.csv",
                "02_motifs",
                "02_motifs/01_jaspar",
                "02_motifs/01_jaspar/motifs.jaspar",
                "02_motifs/02_universal",
                "02_motifs/02_universal/motifs.converted.universal",
                "03_peaks",
                "03_peaks/01_cleaned",
                "03_peaks/01_cleaned/L10_H3K27ac_R2.clean.bed",
                "03_peaks/01_cleaned/L1_H3K27ac_R1.clean.bed",
                "03_peaks/01_cleaned/L1_H3K27ac_R3.clean.bed",
                "03_peaks/01_cleaned/L1_H3K4me3_R2.clean.bed",
                "03_peaks/01_cleaned/p6_H3K27ac_R2.clean.bed",
                "03_peaks/01_cleaned/p6_H3K4me3_R1.clean.bed",
                "03_peaks/02_footprinting",
                "03_peaks/02_footprinting/01_merged",
                "03_peaks/02_footprinting/01_merged/L10_H3K27ac_R2.merged.bed",
                "03_peaks/02_footprinting/01_merged/L1_H3K27ac_R1.merged.bed",
                "03_peaks/02_footprinting/01_merged/L1_H3K27ac_R3.merged.bed",
                "03_peaks/02_footprinting/01_merged/L1_H3K4me3_R2.merged.bed",
                "03_peaks/02_footprinting/01_merged/p6_H3K27ac_R2.merged.bed",
                "03_peaks/02_footprinting/01_merged/p6_H3K4me3_R1.merged.bed",
                "03_peaks/03_sorted",
                "03_peaks/03_sorted/L10_H3K27ac_R2.bed",
                "03_peaks/03_sorted/L1_H3K27ac_R1.bed",
                "03_peaks/03_sorted/L1_H3K27ac_R3.bed",
                "03_peaks/03_sorted/L1_H3K4me3_R2.bed",
                "03_peaks/03_sorted/p6_H3K27ac_R2.bed",
                "03_peaks/03_sorted/p6_H3K4me3_R1.bed",
                "03_peaks/05_rose",
                "03_peaks/05_rose/01_filtered",
                "03_peaks/05_rose/01_filtered/gtf.bed",
                "03_peaks/05_rose/02_sorted",
                "03_peaks/05_rose/02_sorted/gtf_sorted.bed",
                "03_peaks/05_rose/03_sorted",
                "03_peaks/05_rose/03_sorted/fasta_sorted.fa.fai",
                "03_peaks/05_rose/04_tss",
                "03_peaks/05_rose/04_tss/tss.bed",
                "03_peaks/05_rose/05_inverted",
                "03_peaks/05_rose/05_inverted/gtf.bed",
                "06_fimo",
                "06_fimo/02_extracted_sequence",
                "06_fimo/02_extracted_sequence/L10_H3K27ac_R2.fa",
                "06_fimo/02_extracted_sequence/L1_H3K27ac_R1.fa",
                "06_fimo/02_extracted_sequence/L1_H3K27ac_R3.fa",
                "06_fimo/02_extracted_sequence/L1_H3K4me3_R2.fa",
                "06_fimo/02_extracted_sequence/p6_H3K27ac_R2.fa",
                "06_fimo/02_extracted_sequence/p6_H3K4me3_R1.fa",
                "pipeline_info",
                "pipeline_info/nf_core_tfactivity_software_versions.yml"
            ],
            [
                "chr1.fa:md5,465c1dfdf60714d61e3e80b9efa0bffe",
                "chr1.gtf:md5,1b6199ee21f4230c6af0070794c36720",
                "gtf.anno.tsv:md5,1ee5d04d5f4b3f0e9eaaa73669175d3f",
                "gtf.txt:md5,12fb9901135625428517060971858b3b",
                "chr1.fa.fai:md5,824f350c902b18dc18222eea23bd4be1",
                "design.design.csv:md5,f9e8888be7534f0aef7fc822ffd6b3a5",
                "motifs.jaspar:md5,44c90d892ee3c7c80a20d3e892560696",
                "motifs.converted.universal:md5,bb241beb558e6a88dbc1ead2dfe2302a",
                "L10_H3K27ac_R2.clean.bed:md5,bbe9c86bd5ae3070e834124ceb389085",
                "L1_H3K27ac_R1.clean.bed:md5,c65c0da0158dbaf2d413a30c6a33f9f6",
                "L1_H3K27ac_R3.clean.bed:md5,a90976d265c7bfa7bf1f0240a13f1594",
                "L1_H3K4me3_R2.clean.bed:md5,7bc89b6e361f481d1a49ba7b4a2ff945",
                "p6_H3K27ac_R2.clean.bed:md5,554f7896ac092a5cf5d9bcdedc249e00",
                "p6_H3K4me3_R1.clean.bed:md5,73429fff51b8a368abb38cbeaab9d978",
                "L10_H3K27ac_R2.merged.bed:md5,b2b7c97996d07f5fa6e26d34aed42921",
                "L1_H3K27ac_R1.merged.bed:md5,cb5b653dfb2d0e72a04d3e5750118f4d",
                "L1_H3K27ac_R3.merged.bed:md5,e4275c0fcc27677674ea7c10c4b94285",
                "L1_H3K4me3_R2.merged.bed:md5,f4fa5eeff7e6eb4a3576e1a042a90b8a",
                "p6_H3K27ac_R2.merged.bed:md5,ade4c5c7cb18b46e3e83afdcc3848aca",
                "p6_H3K4me3_R1.merged.bed:md5,3ef06abb0248f151518a0cda3944ac7e",
                "L10_H3K27ac_R2.bed:md5,b2b7c97996d07f5fa6e26d34aed42921",
                "L1_H3K27ac_R1.bed:md5,cb5b653dfb2d0e72a04d3e5750118f4d",
                "L1_H3K27ac_R3.bed:md5,e4275c0fcc27677674ea7c10c4b94285",
                "L1_H3K4me3_R2.bed:md5,f4fa5eeff7e6eb4a3576e1a042a90b8a",
                "p6_H3K27ac_R2.bed:md5,ade4c5c7cb18b46e3e83afdcc3848aca",
                "p6_H3K4me3_R1.bed:md5,3ef06abb0248f151518a0cda3944ac7e",
                "gtf.bed:md5,ac15ec1bac0525fcb82acb02be625c98",
                "gtf_sorted.bed:md5,93deb0c1451502a7aefe73ff5c4d0ecd",
                "fasta_sorted.fa.fai:md5,824f350c902b18dc18222eea23bd4be1",
                "tss.bed:md5,1f22adb20a68919feb6df206b28a84c3",
                "gtf.bed:md5,2e76f0b07e4baac321d3a2c4f1090e68",
                "L10_H3K27ac_R2.fa:md5,cda20f1da2e8ae0525f50d9be202d06c",
                "L1_H3K27ac_R1.fa:md5,8286d59e73cb95339aa84930eac4704f",
                "L1_H3K27ac_R3.fa:md5,c5ec2127efea317e17d50536365c3cb1",
                "L1_H3K4me3_R2.fa:md5,fd839f587d8f31b7b57f9841a2b0867a",
                "p6_H3K27ac_R2.fa:md5,52e80b5e2f4b00926246d108717c487a",
                "p6_H3K4me3_R1.fa:md5,c69720a6833ba90ba3d728dca07cea08"
            ]
        ],
        "meta": {
            "nf-test": "0.9.2",
            "nextflow": "25.04.3"
        },
        "timestamp": "2025-07-11T21:32:13.984317664"
    }
}