{
    "Should run without failures - stub": {
        "content": [
            {
                "0": [
                    [
                        {
                            "id": "gtf"
                        },
                        "gtf.anno.tsv:md5,d41d8cd98f00b204e9800998ecf8427e"
                    ]
                ],
                "1": [
                    [
                        {
                            "id": "gtf"
                        },
                        "gtf.txt:md5,d41d8cd98f00b204e9800998ecf8427e"
                    ]
                ],
                "2": [
                    [
                        {
                            "id": "fasta"
                        },
                        "genome.fasta.fai:md5,d41d8cd98f00b204e9800998ecf8427e"
                    ]
                ],
                "3": [
                    [
                        {
                            "id": "fasta"
                        },
                        "/nf-core/test-datasets/modules/data/genomics/sarscov2/genome/genome.fasta"
                    ]
                ],
                "4": [
                    [
                        {
                            "id": "gtf"
                        },
                        "/nf-core/test-datasets/modules/data/genomics/sarscov2/genome/genome.gtf"
                    ]
                ],
                "5": [
                    "versions.yml:md5,0c2b130943874bfa2b36d05498b3d1a8",
                    "versions.yml:md5,a25ed283914bd95de5acbc4bb54b21d7",
                    "versions.yml:md5,a3bd13c63fe600640dd487607be44d95"
                ],
                "chrom_sizes": [
                    [
                        {
                            "id": "fasta"
                        },
                        "genome.fasta.fai:md5,d41d8cd98f00b204e9800998ecf8427e"
                    ]
                ],
                "fasta": [
                    [
                        {
                            "id": "fasta"
                        },
                        "/nf-core/test-datasets/modules/data/genomics/sarscov2/genome/genome.fasta"
                    ]
                ],
                "gene_lengths": [
                    [
                        {
                            "id": "gtf"
                        },
                        "gtf.txt:md5,d41d8cd98f00b204e9800998ecf8427e"
                    ]
                ],
                "gene_map": [
                    [
                        {
                            "id": "gtf"
                        },
                        "gtf.anno.tsv:md5,d41d8cd98f00b204e9800998ecf8427e"
                    ]
                ],
                "gtf": [
                    [
                        {
                            "id": "gtf"
                        },
                        "/nf-core/test-datasets/modules/data/genomics/sarscov2/genome/genome.gtf"
                    ]
                ],
                "versions": [
                    "versions.yml:md5,0c2b130943874bfa2b36d05498b3d1a8",
                    "versions.yml:md5,a25ed283914bd95de5acbc4bb54b21d7",
                    "versions.yml:md5,a3bd13c63fe600640dd487607be44d95"
                ]
            }
        ],
        "meta": {
            "nf-test": "0.9.2",
            "nextflow": "25.04.3"
        },
        "timestamp": "2025-06-11T14:32:47.130386949"
    },
    "Should run without failures": {
        "content": [
            {
                "0": [
                    [
                        {
                            "id": "gtf"
                        },
                        "gtf.anno.tsv:md5,c2c5b33ebf372c618290cdfdd50e15fc"
                    ]
                ],
                "1": [
                    [
                        {
                            "id": "gtf"
                        },
                        "gtf.txt:md5,040796aba8b69f5e3100d6b0dc6493ac"
                    ]
                ],
                "2": [
                    [
                        {
                            "id": "fasta"
                        },
                        "genome.fasta.fai:md5,9da2a56e2853dc8c0b86a9e7229c9fe5"
                    ]
                ],
                "3": [
                    [
                        {
                            "id": "fasta"
                        },
                        "/nf-core/test-datasets/modules/data/genomics/sarscov2/genome/genome.fasta"
                    ]
                ],
                "4": [
                    [
                        {
                            "id": "gtf"
                        },
                        "/nf-core/test-datasets/modules/data/genomics/sarscov2/genome/genome.gtf"
                    ]
                ],
                "5": [
                    "versions.yml:md5,67124f8c3356bccd688e07c65a52e48a",
                    "versions.yml:md5,a25ed283914bd95de5acbc4bb54b21d7",
                    "versions.yml:md5,a3bd13c63fe600640dd487607be44d95"
                ],
                "chrom_sizes": [
                    [
                        {
                            "id": "fasta"
                        },
                        "genome.fasta.fai:md5,9da2a56e2853dc8c0b86a9e7229c9fe5"
                    ]
                ],
                "fasta": [
                    [
                        {
                            "id": "fasta"
                        },
                        "/nf-core/test-datasets/modules/data/genomics/sarscov2/genome/genome.fasta"
                    ]
                ],
                "gene_lengths": [
                    [
                        {
                            "id": "gtf"
                        },
                        "gtf.txt:md5,040796aba8b69f5e3100d6b0dc6493ac"
                    ]
                ],
                "gene_map": [
                    [
                        {
                            "id": "gtf"
                        },
                        "gtf.anno.tsv:md5,c2c5b33ebf372c618290cdfdd50e15fc"
                    ]
                ],
                "gtf": [
                    [
                        {
                            "id": "gtf"
                        },
                        "/nf-core/test-datasets/modules/data/genomics/sarscov2/genome/genome.gtf"
                    ]
                ],
                "versions": [
                    "versions.yml:md5,67124f8c3356bccd688e07c65a52e48a",
                    "versions.yml:md5,a25ed283914bd95de5acbc4bb54b21d7",
                    "versions.yml:md5,a3bd13c63fe600640dd487607be44d95"
                ]
            }
        ],
        "meta": {
            "nf-test": "0.9.2",
            "nextflow": "25.04.3"
        },
        "timestamp": "2025-06-11T14:32:39.701170275"
    }
}