{
    "Should run sum (merge duplicates) without failures": {
        "content": [
            {
                "0": [
                    [
                        {
                            "id": "test"
                        },
                        "test.agg_affinities.tsv:md5,3bd9140107f52e4f0bf8de0d800e35ee"
                    ]
                ],
                "1": [
                    ""
                ],
                "2": [
                    "versions.yml:md5,7a832e1900c2d9cf55a90b8e7b9d02e8"
                ],
                "affinities": [
                    [
                        {
                            "id": "test"
                        },
                        "test.agg_affinities.tsv:md5,3bd9140107f52e4f0bf8de0d800e35ee"
                    ]
                ],
                "python_output": [
                    ""
                ],
                "versions": [
                    "versions.yml:md5,7a832e1900c2d9cf55a90b8e7b9d02e8"
                ]
            }
        ],
        "meta": {
            "nf-test": "0.9.2",
            "nextflow": "25.04.6"
        },
        "timestamp": "2025-08-23T15:16:40.310356577"
    },
    "Should run sum without failures": {
        "content": [
            {
                "0": [
                    [
                        {
                            "id": "test"
                        },
                        "test.agg_affinities.tsv:md5,3bd9140107f52e4f0bf8de0d800e35ee"
                    ]
                ],
                "1": [
                    ""
                ],
                "2": [
                    "versions.yml:md5,7a832e1900c2d9cf55a90b8e7b9d02e8"
                ],
                "affinities": [
                    [
                        {
                            "id": "test"
                        },
                        "test.agg_affinities.tsv:md5,3bd9140107f52e4f0bf8de0d800e35ee"
                    ]
                ],
                "python_output": [
                    ""
                ],
                "versions": [
                    "versions.yml:md5,7a832e1900c2d9cf55a90b8e7b9d02e8"
                ]
            }
        ],
        "meta": {
            "nf-test": "0.9.2",
            "nextflow": "25.04.6"
        },
        "timestamp": "2025-08-23T15:16:14.939004495"
    },
    "Should run max without failures - stub": {
        "content": [
            {
                "0": [
                    [
                        {
                            "id": "test"
                        },
                        "test.agg_affinities.tsv:md5,d41d8cd98f00b204e9800998ecf8427e"
                    ]
                ],
                "1": [
                    ""
                ],
                "2": [
                    "versions.yml:md5,99349f6fab90fa1a13d278fb0679a855"
                ],
                "affinities": [
                    [
                        {
                            "id": "test"
                        },
                        "test.agg_affinities.tsv:md5,d41d8cd98f00b204e9800998ecf8427e"
                    ]
                ],
                "python_output": [
                    ""
                ],
                "versions": [
                    "versions.yml:md5,99349f6fab90fa1a13d278fb0679a855"
                ]
            }
        ],
        "meta": {
            "nf-test": "0.9.2",
            "nextflow": "25.04.6"
        },
        "timestamp": "2025-08-23T14:06:32.52823341"
    },
    "Should run mean without failures": {
        "content": [
            {
                "0": [
                    [
                        {
                            "id": "test"
                        },
                        "test.agg_affinities.tsv:md5,4b0a7befc9566e2cdf9a289a4ca851fc"
                    ]
                ],
                "1": [
                    ""
                ],
                "2": [
                    "versions.yml:md5,7a832e1900c2d9cf55a90b8e7b9d02e8"
                ],
                "affinities": [
                    [
                        {
                            "id": "test"
                        },
                        "test.agg_affinities.tsv:md5,4b0a7befc9566e2cdf9a289a4ca851fc"
                    ]
                ],
                "python_output": [
                    ""
                ],
                "versions": [
                    "versions.yml:md5,7a832e1900c2d9cf55a90b8e7b9d02e8"
                ]
            }
        ],
        "meta": {
            "nf-test": "0.9.2",
            "nextflow": "25.04.6"
        },
        "timestamp": "2025-08-23T15:15:48.480243012"
    },
    "Should run max without failures": {
        "content": [
            {
                "0": [
                    [
                        {
                            "id": "test"
                        },
                        "test.agg_affinities.tsv:md5,459daf1d3056017b8d66d282479ead16"
                    ]
                ],
                "1": [
                    ""
                ],
                "2": [
                    "versions.yml:md5,7a832e1900c2d9cf55a90b8e7b9d02e8"
                ],
                "affinities": [
                    [
                        {
                            "id": "test"
                        },
                        "test.agg_affinities.tsv:md5,459daf1d3056017b8d66d282479ead16"
                    ]
                ],
                "python_output": [
                    ""
                ],
                "versions": [
                    "versions.yml:md5,7a832e1900c2d9cf55a90b8e7b9d02e8"
                ]
            }
        ],
        "meta": {
            "nf-test": "0.9.2",
            "nextflow": "25.04.6"
        },
        "timestamp": "2025-08-23T15:15:21.314886078"
    }
}