{
    "Should run without failures - stub": {
        "content": [
            {
                "0": [
                    [
                        {
                            "id": "chromHMM_promoters"
                        },
                        "chromHMM_promoters.tsv:md5,d41d8cd98f00b204e9800998ecf8427e"
                    ]
                ],
                "1": [
                    [
                        {
                            "id": "chromHMM_promoters"
                        },
                        "chromHMM_promoters.tsv:md5,d41d8cd98f00b204e9800998ecf8427e"
                    ]
                ],
                "2": [
                    [
                        {
                            "id": "all"
                        },
                        "all.tsv:md5,d41d8cd98f00b204e9800998ecf8427e"
                    ]
                ],
                "3": [
                    "versions.yml:md5,d41d8cd98f00b204e9800998ecf8427e",
                    "versions.yml:md5,d41d8cd98f00b204e9800998ecf8427e",
                    "versions.yml:md5,d41d8cd98f00b204e9800998ecf8427e",
                    "versions.yml:md5,d41d8cd98f00b204e9800998ecf8427e",
                    "versions.yml:md5,d41d8cd98f00b204e9800998ecf8427e",
                    "versions.yml:md5,d41d8cd98f00b204e9800998ecf8427e"
                ],
                "tf_ranking": [
                    [
                        {
                            "id": "chromHMM_promoters"
                        },
                        "chromHMM_promoters.tsv:md5,d41d8cd98f00b204e9800998ecf8427e"
                    ]
                ],
                "tf_total_ranking": [
                    [
                        {
                            "id": "all"
                        },
                        "all.tsv:md5,d41d8cd98f00b204e9800998ecf8427e"
                    ]
                ],
                "tg_ranking": [
                    [
                        {
                            "id": "chromHMM_promoters"
                        },
                        "chromHMM_promoters.tsv:md5,d41d8cd98f00b204e9800998ecf8427e"
                    ]
                ],
                "versions": [
                    "versions.yml:md5,d41d8cd98f00b204e9800998ecf8427e",
                    "versions.yml:md5,d41d8cd98f00b204e9800998ecf8427e",
                    "versions.yml:md5,d41d8cd98f00b204e9800998ecf8427e",
                    "versions.yml:md5,d41d8cd98f00b204e9800998ecf8427e",
                    "versions.yml:md5,d41d8cd98f00b204e9800998ecf8427e",
                    "versions.yml:md5,d41d8cd98f00b204e9800998ecf8427e"
                ]
            }
        ],
        "meta": {
            "nf-test": "0.9.2",
            "nextflow": "25.04.2"
        },
        "timestamp": "2025-06-12T09:11:40.412193657"
    },
    "Should run without failures": {
        "content": [
            {
                "0": [
                    [
                        {
                            "id": "chromHMM_promoters"
                        },
                        "chromHMM_promoters.tsv:md5,b2726bb2d14a21ad81e103e24c5e77ca"
                    ]
                ],
                "1": [
                    [
                        {
                            "id": "chromHMM_promoters"
                        },
                        "chromHMM_promoters.tsv:md5,d71a4a0ad882719e767ca60717a538ac"
                    ]
                ],
                "2": [
                    [
                        {
                            "id": "all"
                        },
                        "all.tsv:md5,b2726bb2d14a21ad81e103e24c5e77ca"
                    ]
                ],
                "3": [
                    "versions.yml:md5,0affe346ad49aa147d680f8f50ce15dc",
                    "versions.yml:md5,1b5cb6e8ff9b0baa44598439d18fd790",
                    "versions.yml:md5,21eef97afa6c7c08e74cd18c52a4f988",
                    "versions.yml:md5,4e05d0467426f1a4ec2a4f24fcac2063",
                    "versions.yml:md5,5e931d7269338b9c99229be489d857b9",
                    "versions.yml:md5,acd8461ed538d55799f5f5d201490c20"
                ],
                "tf_ranking": [
                    [
                        {
                            "id": "chromHMM_promoters"
                        },
                        "chromHMM_promoters.tsv:md5,b2726bb2d14a21ad81e103e24c5e77ca"
                    ]
                ],
                "tf_total_ranking": [
                    [
                        {
                            "id": "all"
                        },
                        "all.tsv:md5,b2726bb2d14a21ad81e103e24c5e77ca"
                    ]
                ],
                "tg_ranking": [
                    [
                        {
                            "id": "chromHMM_promoters"
                        },
                        "chromHMM_promoters.tsv:md5,d71a4a0ad882719e767ca60717a538ac"
                    ]
                ],
                "versions": [
                    "versions.yml:md5,0affe346ad49aa147d680f8f50ce15dc",
                    "versions.yml:md5,1b5cb6e8ff9b0baa44598439d18fd790",
                    "versions.yml:md5,21eef97afa6c7c08e74cd18c52a4f988",
                    "versions.yml:md5,4e05d0467426f1a4ec2a4f24fcac2063",
                    "versions.yml:md5,5e931d7269338b9c99229be489d857b9",
                    "versions.yml:md5,acd8461ed538d55799f5f5d201490c20"
                ]
            }
        ],
        "meta": {
            "nf-test": "0.9.2",
            "nextflow": "25.04.2"
        },
        "timestamp": "2025-06-12T09:11:26.848105211"
    }
}