{
    "Should run with split matrix": {
        "content": [
            {
                "0": [
                    [
                        {
                            "id": "test"
                        },
                        "test.clean.tsv:md5,585246affe866ef5e8044704aa359d05"
                    ]
                ],
                "1": [
                    [
                        {
                            "id": "test"
                        },
                        "genes.txt:md5,383f48ac40deb0f3c7cfd79a6960bfd9"
                    ]
                ],
                "2": [
                    "versions.yml:md5,8e3685529347f94725b489e282a9e073"
                ],
                "counts": [
                    [
                        {
                            "id": "test"
                        },
                        "test.clean.tsv:md5,585246affe866ef5e8044704aa359d05"
                    ]
                ],
                "genes": [
                    [
                        {
                            "id": "test"
                        },
                        "genes.txt:md5,383f48ac40deb0f3c7cfd79a6960bfd9"
                    ]
                ],
                "versions": [
                    "versions.yml:md5,8e3685529347f94725b489e282a9e073"
                ]
            }
        ],
        "meta": {
            "nf-test": "0.9.2",
            "nextflow": "25.04.3"
        },
        "timestamp": "2025-06-11T16:10:19.501071941"
    },
    "Should run with full count matrix": {
        "content": [
            {
                "0": [
                    
                ],
                "1": [
                    
                ],
                "2": [
                    
                ],
                "counts": [
                    
                ],
                "genes": [
                    
                ],
                "versions": [
                    
                ]
            }
        ],
        "meta": {
            "nf-test": "0.9.2",
            "nextflow": "25.04.3"
        },
        "timestamp": "2025-06-11T16:09:17.042504285"
    },
    "Should run with full count matrix - stub": {
        "content": [
            {
                "0": [
                    
                ],
                "1": [
                    
                ],
                "2": [
                    
                ],
                "counts": [
                    
                ],
                "genes": [
                    
                ],
                "versions": [
                    
                ]
            }
        ],
        "meta": {
            "nf-test": "0.9.2",
            "nextflow": "25.04.3"
        },
        "timestamp": "2025-06-11T16:09:32.111248667"
    }
}