{
    "Should run without failures - stub": {
        "content": [
            {
                "0": [
                    [
                        {
                            "id": "L10_chromHMM_enhancers",
                            "condition": "L10",
                            "assay": "chromHMM_enhancers"
                        },
                        "L10_chromHMM_enhancers_stitched.bed:md5,d41d8cd98f00b204e9800998ecf8427e"
                    ],
                    [
                        {
                            "id": "L10_chromHMM_promoters",
                            "condition": "L10",
                            "assay": "chromHMM_promoters"
                        },
                        "L10_chromHMM_promoters_stitched.bed:md5,d41d8cd98f00b204e9800998ecf8427e"
                    ],
                    [
                        {
                            "id": "p6_chromHMM_enhancers",
                            "condition": "p6",
                            "assay": "chromHMM_enhancers"
                        },
                        "p6_chromHMM_enhancers_stitched.bed:md5,d41d8cd98f00b204e9800998ecf8427e"
                    ],
                    [
                        {
                            "id": "p6_chromHMM_promoters",
                            "condition": "p6",
                            "assay": "chromHMM_promoters"
                        },
                        "p6_chromHMM_promoters_stitched.bed:md5,d41d8cd98f00b204e9800998ecf8427e"
                    ]
                ],
                "1": [
                    "versions.yml:md5,019fa653b5c3baa96ba8a9a384b8e2ab",
                    "versions.yml:md5,019fa653b5c3baa96ba8a9a384b8e2ab",
                    "versions.yml:md5,019fa653b5c3baa96ba8a9a384b8e2ab",
                    "versions.yml:md5,019fa653b5c3baa96ba8a9a384b8e2ab",
                    "versions.yml:md5,06d945f7cd7b8ec8c741822e2d1071ab",
                    "versions.yml:md5,06d945f7cd7b8ec8c741822e2d1071ab",
                    "versions.yml:md5,06d945f7cd7b8ec8c741822e2d1071ab",
                    "versions.yml:md5,06d945f7cd7b8ec8c741822e2d1071ab",
                    "versions.yml:md5,0e3934c2d15093f0ee7821d52b113648",
                    "versions.yml:md5,1c671d8cb4f5f7d4aecb15c05dae9496",
                    "versions.yml:md5,1c671d8cb4f5f7d4aecb15c05dae9496",
                    "versions.yml:md5,1c671d8cb4f5f7d4aecb15c05dae9496",
                    "versions.yml:md5,1c671d8cb4f5f7d4aecb15c05dae9496",
                    "versions.yml:md5,51922ea66b1d245396b570bfe3296fce",
                    "versions.yml:md5,51922ea66b1d245396b570bfe3296fce",
                    "versions.yml:md5,51922ea66b1d245396b570bfe3296fce",
                    "versions.yml:md5,51922ea66b1d245396b570bfe3296fce",
                    "versions.yml:md5,7de38847860dc9dea923591bbdab2e4e",
                    "versions.yml:md5,7de38847860dc9dea923591bbdab2e4e",
                    "versions.yml:md5,7de38847860dc9dea923591bbdab2e4e",
                    "versions.yml:md5,7de38847860dc9dea923591bbdab2e4e",
                    "versions.yml:md5,96085d3dfba99657c48f60edfca5d5dc",
                    "versions.yml:md5,96085d3dfba99657c48f60edfca5d5dc",
                    "versions.yml:md5,96085d3dfba99657c48f60edfca5d5dc",
                    "versions.yml:md5,96085d3dfba99657c48f60edfca5d5dc",
                    "versions.yml:md5,9bae23f88f4346d330284f82a5f47c39",
                    "versions.yml:md5,acfd7a50ad359345828f767dabe9b830",
                    "versions.yml:md5,c1b32db06038f6481618b8cfb79fab6c",
                    "versions.yml:md5,c1b32db06038f6481618b8cfb79fab6c",
                    "versions.yml:md5,c1b32db06038f6481618b8cfb79fab6c",
                    "versions.yml:md5,c1b32db06038f6481618b8cfb79fab6c",
                    "versions.yml:md5,ce263ec2d487eae33b41b3f0af0171c2",
                    "versions.yml:md5,eac937a069097e9b16b3b28582c2431d"
                ],
                "stitched": [
                    [
                        {
                            "id": "L10_chromHMM_enhancers",
                            "condition": "L10",
                            "assay": "chromHMM_enhancers"
                        },
                        "L10_chromHMM_enhancers_stitched.bed:md5,d41d8cd98f00b204e9800998ecf8427e"
                    ],
                    [
                        {
                            "id": "L10_chromHMM_promoters",
                            "condition": "L10",
                            "assay": "chromHMM_promoters"
                        },
                        "L10_chromHMM_promoters_stitched.bed:md5,d41d8cd98f00b204e9800998ecf8427e"
                    ],
                    [
                        {
                            "id": "p6_chromHMM_enhancers",
                            "condition": "p6",
                            "assay": "chromHMM_enhancers"
                        },
                        "p6_chromHMM_enhancers_stitched.bed:md5,d41d8cd98f00b204e9800998ecf8427e"
                    ],
                    [
                        {
                            "id": "p6_chromHMM_promoters",
                            "condition": "p6",
                            "assay": "chromHMM_promoters"
                        },
                        "p6_chromHMM_promoters_stitched.bed:md5,d41d8cd98f00b204e9800998ecf8427e"
                    ]
                ],
                "versions": [
                    "versions.yml:md5,019fa653b5c3baa96ba8a9a384b8e2ab",
                    "versions.yml:md5,019fa653b5c3baa96ba8a9a384b8e2ab",
                    "versions.yml:md5,019fa653b5c3baa96ba8a9a384b8e2ab",
                    "versions.yml:md5,019fa653b5c3baa96ba8a9a384b8e2ab",
                    "versions.yml:md5,06d945f7cd7b8ec8c741822e2d1071ab",
                    "versions.yml:md5,06d945f7cd7b8ec8c741822e2d1071ab",
                    "versions.yml:md5,06d945f7cd7b8ec8c741822e2d1071ab",
                    "versions.yml:md5,06d945f7cd7b8ec8c741822e2d1071ab",
                    "versions.yml:md5,0e3934c2d15093f0ee7821d52b113648",
                    "versions.yml:md5,1c671d8cb4f5f7d4aecb15c05dae9496",
                    "versions.yml:md5,1c671d8cb4f5f7d4aecb15c05dae9496",
                    "versions.yml:md5,1c671d8cb4f5f7d4aecb15c05dae9496",
                    "versions.yml:md5,1c671d8cb4f5f7d4aecb15c05dae9496",
                    "versions.yml:md5,51922ea66b1d245396b570bfe3296fce",
                    "versions.yml:md5,51922ea66b1d245396b570bfe3296fce",
                    "versions.yml:md5,51922ea66b1d245396b570bfe3296fce",
                    "versions.yml:md5,51922ea66b1d245396b570bfe3296fce",
                    "versions.yml:md5,7de38847860dc9dea923591bbdab2e4e",
                    "versions.yml:md5,7de38847860dc9dea923591bbdab2e4e",
                    "versions.yml:md5,7de38847860dc9dea923591bbdab2e4e",
                    "versions.yml:md5,7de38847860dc9dea923591bbdab2e4e",
                    "versions.yml:md5,96085d3dfba99657c48f60edfca5d5dc",
                    "versions.yml:md5,96085d3dfba99657c48f60edfca5d5dc",
                    "versions.yml:md5,96085d3dfba99657c48f60edfca5d5dc",
                    "versions.yml:md5,96085d3dfba99657c48f60edfca5d5dc",
                    "versions.yml:md5,9bae23f88f4346d330284f82a5f47c39",
                    "versions.yml:md5,acfd7a50ad359345828f767dabe9b830",
                    "versions.yml:md5,c1b32db06038f6481618b8cfb79fab6c",
                    "versions.yml:md5,c1b32db06038f6481618b8cfb79fab6c",
                    "versions.yml:md5,c1b32db06038f6481618b8cfb79fab6c",
                    "versions.yml:md5,c1b32db06038f6481618b8cfb79fab6c",
                    "versions.yml:md5,ce263ec2d487eae33b41b3f0af0171c2",
                    "versions.yml:md5,eac937a069097e9b16b3b28582c2431d"
                ]
            }
        ],
        "meta": {
            "nf-test": "0.9.2",
            "nextflow": "25.04.6"
        },
        "timestamp": "2025-09-16T14:01:31.31734929"
    },
    "Should run without failures": {
        "content": [
            {
                "0": [
                    [
                        {
                            "id": "L10_chromHMM_enhancers",
                            "condition": "L10",
                            "assay": "chromHMM_enhancers"
                        },
                        "L10_chromHMM_enhancers_stitched.bed:md5,985e73aedaf144a74e6bc6c8a0d5b810"
                    ],
                    [
                        {
                            "id": "L10_chromHMM_promoters",
                            "condition": "L10",
                            "assay": "chromHMM_promoters"
                        },
                        "L10_chromHMM_promoters_stitched.bed:md5,97e4d758a986fe637d15ad59311c4ab8"
                    ],
                    [
                        {
                            "id": "p6_chromHMM_enhancers",
                            "condition": "p6",
                            "assay": "chromHMM_enhancers"
                        },
                        "p6_chromHMM_enhancers_stitched.bed:md5,73dad19a91dd0b48370dfa1aaf786026"
                    ],
                    [
                        {
                            "id": "p6_chromHMM_promoters",
                            "condition": "p6",
                            "assay": "chromHMM_promoters"
                        },
                        "p6_chromHMM_promoters_stitched.bed:md5,ade150708a1857b940947f0027db9a1e"
                    ]
                ],
                "1": [
                    "versions.yml:md5,019fa653b5c3baa96ba8a9a384b8e2ab",
                    "versions.yml:md5,019fa653b5c3baa96ba8a9a384b8e2ab",
                    "versions.yml:md5,019fa653b5c3baa96ba8a9a384b8e2ab",
                    "versions.yml:md5,019fa653b5c3baa96ba8a9a384b8e2ab",
                    "versions.yml:md5,06d945f7cd7b8ec8c741822e2d1071ab",
                    "versions.yml:md5,06d945f7cd7b8ec8c741822e2d1071ab",
                    "versions.yml:md5,06d945f7cd7b8ec8c741822e2d1071ab",
                    "versions.yml:md5,06d945f7cd7b8ec8c741822e2d1071ab",
                    "versions.yml:md5,0e3934c2d15093f0ee7821d52b113648",
                    "versions.yml:md5,1c671d8cb4f5f7d4aecb15c05dae9496",
                    "versions.yml:md5,1c671d8cb4f5f7d4aecb15c05dae9496",
                    "versions.yml:md5,1c671d8cb4f5f7d4aecb15c05dae9496",
                    "versions.yml:md5,1c671d8cb4f5f7d4aecb15c05dae9496",
                    "versions.yml:md5,51922ea66b1d245396b570bfe3296fce",
                    "versions.yml:md5,51922ea66b1d245396b570bfe3296fce",
                    "versions.yml:md5,51922ea66b1d245396b570bfe3296fce",
                    "versions.yml:md5,51922ea66b1d245396b570bfe3296fce",
                    "versions.yml:md5,7de38847860dc9dea923591bbdab2e4e",
                    "versions.yml:md5,7de38847860dc9dea923591bbdab2e4e",
                    "versions.yml:md5,7de38847860dc9dea923591bbdab2e4e",
                    "versions.yml:md5,7de38847860dc9dea923591bbdab2e4e",
                    "versions.yml:md5,96085d3dfba99657c48f60edfca5d5dc",
                    "versions.yml:md5,96085d3dfba99657c48f60edfca5d5dc",
                    "versions.yml:md5,96085d3dfba99657c48f60edfca5d5dc",
                    "versions.yml:md5,96085d3dfba99657c48f60edfca5d5dc",
                    "versions.yml:md5,9bae23f88f4346d330284f82a5f47c39",
                    "versions.yml:md5,acfd7a50ad359345828f767dabe9b830",
                    "versions.yml:md5,c1b32db06038f6481618b8cfb79fab6c",
                    "versions.yml:md5,c1b32db06038f6481618b8cfb79fab6c",
                    "versions.yml:md5,c1b32db06038f6481618b8cfb79fab6c",
                    "versions.yml:md5,c1b32db06038f6481618b8cfb79fab6c",
                    "versions.yml:md5,ce263ec2d487eae33b41b3f0af0171c2",
                    "versions.yml:md5,eac937a069097e9b16b3b28582c2431d"
                ],
                "stitched": [
                    [
                        {
                            "id": "L10_chromHMM_enhancers",
                            "condition": "L10",
                            "assay": "chromHMM_enhancers"
                        },
                        "L10_chromHMM_enhancers_stitched.bed:md5,985e73aedaf144a74e6bc6c8a0d5b810"
                    ],
                    [
                        {
                            "id": "L10_chromHMM_promoters",
                            "condition": "L10",
                            "assay": "chromHMM_promoters"
                        },
                        "L10_chromHMM_promoters_stitched.bed:md5,97e4d758a986fe637d15ad59311c4ab8"
                    ],
                    [
                        {
                            "id": "p6_chromHMM_enhancers",
                            "condition": "p6",
                            "assay": "chromHMM_enhancers"
                        },
                        "p6_chromHMM_enhancers_stitched.bed:md5,73dad19a91dd0b48370dfa1aaf786026"
                    ],
                    [
                        {
                            "id": "p6_chromHMM_promoters",
                            "condition": "p6",
                            "assay": "chromHMM_promoters"
                        },
                        "p6_chromHMM_promoters_stitched.bed:md5,ade150708a1857b940947f0027db9a1e"
                    ]
                ],
                "versions": [
                    "versions.yml:md5,019fa653b5c3baa96ba8a9a384b8e2ab",
                    "versions.yml:md5,019fa653b5c3baa96ba8a9a384b8e2ab",
                    "versions.yml:md5,019fa653b5c3baa96ba8a9a384b8e2ab",
                    "versions.yml:md5,019fa653b5c3baa96ba8a9a384b8e2ab",
                    "versions.yml:md5,06d945f7cd7b8ec8c741822e2d1071ab",
                    "versions.yml:md5,06d945f7cd7b8ec8c741822e2d1071ab",
                    "versions.yml:md5,06d945f7cd7b8ec8c741822e2d1071ab",
                    "versions.yml:md5,06d945f7cd7b8ec8c741822e2d1071ab",
                    "versions.yml:md5,0e3934c2d15093f0ee7821d52b113648",
                    "versions.yml:md5,1c671d8cb4f5f7d4aecb15c05dae9496",
                    "versions.yml:md5,1c671d8cb4f5f7d4aecb15c05dae9496",
                    "versions.yml:md5,1c671d8cb4f5f7d4aecb15c05dae9496",
                    "versions.yml:md5,1c671d8cb4f5f7d4aecb15c05dae9496",
                    "versions.yml:md5,51922ea66b1d245396b570bfe3296fce",
                    "versions.yml:md5,51922ea66b1d245396b570bfe3296fce",
                    "versions.yml:md5,51922ea66b1d245396b570bfe3296fce",
                    "versions.yml:md5,51922ea66b1d245396b570bfe3296fce",
                    "versions.yml:md5,7de38847860dc9dea923591bbdab2e4e",
                    "versions.yml:md5,7de38847860dc9dea923591bbdab2e4e",
                    "versions.yml:md5,7de38847860dc9dea923591bbdab2e4e",
                    "versions.yml:md5,7de38847860dc9dea923591bbdab2e4e",
                    "versions.yml:md5,96085d3dfba99657c48f60edfca5d5dc",
                    "versions.yml:md5,96085d3dfba99657c48f60edfca5d5dc",
                    "versions.yml:md5,96085d3dfba99657c48f60edfca5d5dc",
                    "versions.yml:md5,96085d3dfba99657c48f60edfca5d5dc",
                    "versions.yml:md5,9bae23f88f4346d330284f82a5f47c39",
                    "versions.yml:md5,acfd7a50ad359345828f767dabe9b830",
                    "versions.yml:md5,c1b32db06038f6481618b8cfb79fab6c",
                    "versions.yml:md5,c1b32db06038f6481618b8cfb79fab6c",
                    "versions.yml:md5,c1b32db06038f6481618b8cfb79fab6c",
                    "versions.yml:md5,c1b32db06038f6481618b8cfb79fab6c",
                    "versions.yml:md5,ce263ec2d487eae33b41b3f0af0171c2",
                    "versions.yml:md5,eac937a069097e9b16b3b28582c2431d"
                ]
            }
        ],
        "meta": {
            "nf-test": "0.9.2",
            "nextflow": "25.04.6"
        },
        "timestamp": "2025-09-16T13:52:39.4586363"
    }
}